// Jest Snapshot v1, https://goo.gl/fbAQLP

exports[`gatsby-plugin-typescript modifies webpack config 1`] = `
Array [
  Object {
    "module": Object {
      "rules": Array [
        Object {
          "test": /\\\\\\.tsx\\?\\$/,
          "use": Array [
            "babel-loader",
            Object {
              "loader": "/resolved/path/ts-loader",
              "options": Object {
                "compilerOptions": Object {
                  "experimentalDecorators": true,
                  "jsx": "react",
                  "module": "es6",
                  "target": "esnext",
                },
                "transpileOnly": true,
              },
            },
          ],
        },
      ],
    },
  },
]
`;

exports[`gatsby-plugin-typescript pre-processing transforms .ts files 1`] = `
"const now = moment().format('HH:MM:ss');
"
`;

exports[`gatsby-plugin-typescript pre-processing transforms JSX files 1`] = `
"import * as React from 'react';
export default () => React.createElement(\\"h1\\", null, \\"Hello World\\");
"
`;

exports[`gatsby-plugin-typescript returns correct extensions 1`] = `
Array [
  ".ts",
  ".tsx",
]
`;
